

                             _   _
                            (_) | |
      __ _   _ __   __   __  _  | |
     / _` | | '_ \  \ \ / / | | | |
    | (_| | | | | |  \ V /  | | | |
     \__,_| |_| |_|   \_/   |_| |_|

    1.5.1-stable (b0a9dd9ced 2025-12-22T11:40:33.870895500Z)
    https://github.com/foundry-rs/foundry

Available Accounts
==================

(0) 0xf39Fd6e51aad88F6F4ce6aB8827279cffFb92266 (10000.000000000000000000 ETH)
(1) 0x70997970C51812dc3A010C7d01b50e0d17dc79C8 (10000.000000000000000000 ETH)
(2) 0x3C44CdDdB6a900fa2b585dd299e03d12FA4293BC (10000.000000000000000000 ETH)
(3) 0x90F79bf6EB2c4f870365E785982E1f101E93b906 (10000.000000000000000000 ETH)
(4) 0x15d34AAf54267DB7D7c367839AAf71A00a2C6A65 (10000.000000000000000000 ETH)
(5) 0x9965507D1a55bcC2695C58ba16FB37d819B0A4dc (10000.000000000000000000 ETH)
(6) 0x976EA74026E726554dB657fA54763abd0C3a0aa9 (10000.000000000000000000 ETH)
(7) 0x14dC79964da2C08b23698B3D3cc7Ca32193d9955 (10000.000000000000000000 ETH)
(8) 0x23618e81E3f5cdF7f54C3d65f7FBc0aBf5B21E8f (10000.000000000000000000 ETH)
(9) 0xa0Ee7A142d267C1f36714E4a8F75612F20a79720 (10000.000000000000000000 ETH)

Private Keys
==================

(0) 0xac0974bec39a17e36ba4a6b4d238ff944bacb478cbed5efcae784d7bf4f2ff80
(1) 0x59c6995e998f97a5a0044966f0945389dc9e86dae88c7a8412f4603b6b78690d
(2) 0x5de4111afa1a4b94908f83103eb1f1706367c2e68ca870fc3fb9a804cdab365a
(3) 0x7c852118294e51e653712a81e05800f419141751be58f605c371e15141b007a6
(4) 0x47e179ec197488593b187f80a00eb0da91f1b9d0b13f8733639f19c30a34926a
(5) 0x8b3a350cf5c34c9194ca85829a2df0ec3153be0318b5e2d3348e872092edffba
(6) 0x92db14e403b83dfe3df233f83dfa3a0d7096f21ca9b0d6d6b8d88b2b4ec1564e
(7) 0x4bbbf85ce3377467afe5d46f804f221813b2bb87f24d81f60f1fcdbf7cbf4356
(8) 0xdbda1821b80551c9d65939329250298aa3472ba22feea921c0cf5d620ea67b97
(9) 0x2a871d0798f97d79848a013d4936a73bf4cc922c825d33c1cf7073dff6d409c6

Wallet
==================
Mnemonic:          test test test test test test test test test test test junk
Derivation path:   m/44'/60'/0'/0/


Chain ID
==================

31337

Base Fee
==================

1000000000

Gas Limit
==================

30000000

Genesis Timestamp
==================

1773974552

Genesis Number
==================

0

Listening on 127.0.0.1:8545
eth_chainId
eth_chainId
eth_chainId
eth_call
eth_getTransactionCount
eth_getCode
eth_chainId
eth_gasPrice
eth_getBlockByNumber
eth_gasPrice
eth_getBlockByNumber
eth_chainId
eth_getAccountInfo
eth_getBalance
eth_getAccount
eth_getTransactionCount
eth_getCode
eth_getCode
eth_getAccountInfo
eth_getAccount
eth_getCode
eth_getAccountInfo
eth_getAccount
eth_getCode
eth_getAccountInfo
eth_getAccount
eth_getCode
eth_getAccountInfo
eth_getAccount
eth_getCode
eth_getAccountInfo
eth_getAccount
eth_getCode
eth_getAccountInfo
eth_getAccount
eth_getCode
eth_getAccountInfo
eth_getAccount
eth_getCode
eth_getAccountInfo
eth_getAccount
eth_getCode
eth_getAccountInfo
eth_getAccount
eth_getCode
eth_getAccountInfo
eth_getAccount
eth_getCode
eth_getAccountInfo
eth_getAccount
eth_getCode
eth_getAccountInfo
eth_getAccount
eth_getCode
eth_getAccountInfo
eth_getAccount
eth_getCode
eth_getAccountInfo
eth_getAccount
eth_getCode
eth_getAccountInfo
eth_getAccount
eth_getCode
eth_getAccountInfo
eth_getAccount
eth_getCode
eth_getAccountInfo
eth_getAccount
eth_getCode
eth_getAccountInfo
eth_getAccount
eth_getCode
eth_getAccountInfo
eth_getAccount
eth_getCode
eth_getAccountInfo
eth_getAccount
eth_getCode
eth_getAccountInfo
eth_getAccount
eth_getCode
eth_getAccountInfo
eth_getAccount
eth_getCode
eth_chainId
eth_chainId
eth_getBlockByNumber
eth_chainId
eth_gasPrice
eth_chainId
eth_feeHistory
eth_feeHistory
eth_sendRawTransaction

    Transaction: 0x46ae11f5ba4f6edef2976166103bf644c8d4aab89120a4080b071ab4d32d6cef
    Contract created: 0x5FbDB2315678afecb367f032d93F642f64180aa3
    Gas used: 627786

    Block Number: 1
    Block Hash: 0x3a366fa71db59fefb6fb26cf93f64d4e76d3bbd9c7d61a7745b87947ea3fbc31
    Block Time: "Fri, 20 Mar 2026 02:43:12 +0000"

eth_sendRawTransaction

    Transaction: 0xdaf8aedf828c13b6a5c271f58266678f39adca4e66eb6ef1105325f508f5cfc5
    Contract created: 0xe7f1725E7734CE288F8367e1Bb143E90bb3F0512
    Gas used: 627786

    Block Number: 2
    Block Hash: 0x1585f5334b64d7aaeae60c6f0eb886e25f67d853db59460599335b3088fbaf28
    Block Time: "Fri, 20 Mar 2026 02:43:12 +0000"

eth_sendRawTransaction

    Transaction: 0x9ad08e3dfc96c20793935bde8f0fbaa3634f0a92ebe3f1828921239762a6aefb
    Contract created: 0x9fE46736679d2D9a65F0992F2272dE9f3c7fa6e0
    Gas used: 627882

    Block Number: 3
    Block Hash: 0xfbf32339cc49ae0851966db66b24c009b3c6349f8fe6d692e75ea8d728506312
    Block Time: "Fri, 20 Mar 2026 02:43:12 +0000"

eth_sendRawTransaction

    Transaction: 0x9ca797a7fbc7748281fdbe34b81fe9b3812534d4c5a7dc5d3935c85bc1059532
    Contract created: 0xCf7Ed3AccA5a467e9e704C703E8D87F634fB0Fc9
    Gas used: 731849

    Block Number: 4
    Block Hash: 0x99da9bec21477934310a9ff5947722eec6620776d34a21241e6d398df5c46b42
    Block Time: "Fri, 20 Mar 2026 02:43:12 +0000"

eth_sendRawTransaction

    Transaction: 0xae231ecd08ccca360537eb33fbb5da8f854d093fc7c23c743fdf6cadcfa6ca6d
    Contract created: 0xDc64a140Aa3E981100a9becA4E685f962f0cF6C9
    Gas used: 2071703

    Block Number: 5
    Block Hash: 0xb684208bd7ad8a940f4c3027214cfa7d1a734a2c2277d415c4fc508bbde2e813
    Block Time: "Fri, 20 Mar 2026 02:43:12 +0000"

eth_sendRawTransaction

    Transaction: 0x3c8372628be89e9baf1901b246ffc37176e9f6c09eb452ce1229648a3ccae49e
    Contract created: 0x5FC8d32690cc91D4c39d9d3abcBD16989F875707
    Gas used: 1411399

    Block Number: 6
    Block Hash: 0x516dade78f3d0dbcbf8a10c6ce0476918a8e5c28615376f6bded58471035a679
    Block Time: "Fri, 20 Mar 2026 02:43:12 +0000"

eth_sendRawTransaction

    Transaction: 0x28065eecfc28f6f56118b15414e3c3a187b09c785f4cd21afcea5c2f20602a9c
    Gas used: 1709922

    Block Number: 7
    Block Hash: 0x5ca4ab85073c8d68ad04a01afd5cc6db96dc2eb0583854225332a55f1f0e0dd4
    Block Time: "Fri, 20 Mar 2026 02:43:12 +0000"

eth_sendRawTransaction

    Transaction: 0x8e8042e67dc3ee08dc5c2760b5ce5d5f28da760db09b1f9a87ef58c3ea304dc8
    Contract created: 0xa513E6E4b8f2a923D98304ec87F64353C4D5C853
    Gas used: 684719

    Block Number: 8
    Block Hash: 0x008795168b3e0691124cfb9bd25b53627c2466d6595ea429593f9d81f8f13a3a
    Block Time: "Fri, 20 Mar 2026 02:43:12 +0000"

eth_sendRawTransaction

    Transaction: 0xa0547c06e3832df60ca63983be7db668deeea1553d7adf732a8a454e0e09101d
    Contract created: 0x2279B7A0a67DB372996a5FaB50D91eAA73d2eBe6
    Gas used: 825786

    Block Number: 9
    Block Hash: 0x3a7a7c52ade3517e558c1016e6e4992f1b98c7cea278168014061931713cc0f6
    Block Time: "Fri, 20 Mar 2026 02:43:12 +0000"

eth_sendRawTransaction

    Transaction: 0xcafd91d63d310a9974c66861e7495d530e93dd012db98d486c2c42bac4e17b99
    Gas used: 46254

    Block Number: 10
    Block Hash: 0x3d99b802dbd4646b27e9f21e507e2cddda5067df83d1b367b21ed4c10a8449a7
    Block Time: "Fri, 20 Mar 2026 02:43:12 +0000"

eth_sendRawTransaction

    Transaction: 0xe45c5e576bca9727246a22e68fe3e3c43b4886e472dab8098f0a70eb5efdb36e
    Gas used: 46254

    Block Number: 11
    Block Hash: 0x2db9c4b5ea7b5ead9609cd5319048ed4b1a6be06733fd1c73f28909ccec7b9bd
    Block Time: "Fri, 20 Mar 2026 02:43:12 +0000"

eth_sendRawTransaction

    Transaction: 0x78e437257923f5de390b74c1811e140f01c0ee5fd8225679080cbe81a17adb38
    Gas used: 46254

    Block Number: 12
    Block Hash: 0x8ee7a3de2dc592bc2be7396786d6a4a2948ccc890406ebd3a0ab66ddbc679e9c
    Block Time: "Fri, 20 Mar 2026 02:43:12 +0000"

eth_sendRawTransaction

    Transaction: 0x620c10e920c3940a8fbaa0cb54deeb7d458c73d914b47f2ed903144491cc448b
    Gas used: 233614

    Block Number: 13
    Block Hash: 0xddc6189325bb383464eca85bd0b5c718e49577a8a4062470b9ebffad12ee65f7
    Block Time: "Fri, 20 Mar 2026 02:43:12 +0000"

eth_sendRawTransaction

    Transaction: 0x560acd2efa6d3676fddb077b239dfc581b1d0a6f0a97099c42d01bfc37a0c71f
    Gas used: 46254

    Block Number: 14
    Block Hash: 0x1fc682519ddca956f970f0db77d3c45d2b8bf9d76af5de575fc574edb40669a3
    Block Time: "Fri, 20 Mar 2026 02:43:12 +0000"

eth_sendRawTransaction

    Transaction: 0xc564fea70ac23e9277df8f30551c2da99e98aed1e639c724e71f6a1e760d938e
    Gas used: 46254

    Block Number: 15
    Block Hash: 0xb0b45b672d6c5b58b21246631b93aead8c5c79200f742f98deade8d79f622433
    Block Time: "Fri, 20 Mar 2026 02:43:12 +0000"

eth_sendRawTransaction

    Transaction: 0x781ce0662facdc2f88c6dc0d89658919659fcc2814250a4060e50cc88a719d30
    Gas used: 145447

    Block Number: 16
    Block Hash: 0xa86a3132dec6e4fc51e3ee29e67a511e853391eaed76e09602df34a092c878ec
    Block Time: "Fri, 20 Mar 2026 02:43:12 +0000"

eth_sendRawTransaction

    Transaction: 0x3ee938999ba172be9bbb2b5b5399f63491913422e88db1b63b6419505bde02cf
    Contract created: 0x959922bE3CAee4b8Cd9a407cc3ac1C251C2007B1
    Gas used: 474353

    Block Number: 17
    Block Hash: 0x92d63b16f34f5c8e411ab0f9569b87f3bcc3d999c55eb6739db6db21d7216d8f
    Block Time: "Fri, 20 Mar 2026 02:43:12 +0000"

eth_sendRawTransaction

    Transaction: 0xaf91ffc95ef7a735515c17a74ffed7795da2185d07e2856b021f688832f9a65b
    Contract created: 0x9A9f2CCfdE556A7E9Ff0848998Aa4a0CFD8863AE
    Gas used: 614270

    Block Number: 18
    Block Hash: 0x7e6227739ff00b2e1ca8d387810144b3df3e94971445e3dbe1357a9d63560400
    Block Time: "Fri, 20 Mar 2026 02:43:12 +0000"

eth_sendRawTransaction

    Transaction: 0x367b103997c9adaa8965101881a5de750aeb631b5da1ad6dc034e631d1fd4e1f
    Contract created: 0x68B1D87F95878fE05B998F19b66F4baba5De1aed
    Gas used: 869046

    Block Number: 19
    Block Hash: 0xa2548bfb46da8df4adb776db462481134cf02f24131e395def26ba11517fb106
    Block Time: "Fri, 20 Mar 2026 02:43:12 +0000"

eth_sendRawTransaction

    Transaction: 0x7ebddbe24b7721c1b0a33f9861f0421f24385f11de69f12b4439f17f3e2140c4
    Gas used: 51585

    Block Number: 20
    Block Hash: 0xee85a03d75ad18bec12efc301678a862bc8a46e7ae4e4cba8dddb551e386a098
    Block Time: "Fri, 20 Mar 2026 02:43:12 +0000"

eth_sendRawTransaction

    Transaction: 0x8fe846b9ebf86d7aa55de7feaed6febd48f8ae99e1bf04c669b3ad4c20927ac7
    Gas used: 51585

    Block Number: 21
    Block Hash: 0x3d18eef457debc73675918dd083d6b1e5265272ed193a9eaf4ab3601bc2307bd
    Block Time: "Fri, 20 Mar 2026 02:43:12 +0000"

eth_sendRawTransaction

    Transaction: 0x54c1001ef59e227da586f0a0ce6b2c428008c77dea89bfa774ba8563e8a9540c
    Gas used: 51585

    Block Number: 22
    Block Hash: 0xe31c3d62574bc76b55815454c40d4b31f0c802fe7e1a649550c0f6c18e8885d7
    Block Time: "Fri, 20 Mar 2026 02:43:12 +0000"

eth_sendRawTransaction

    Transaction: 0xf87629100010922bfd157d3d9140e8f9634f2d0bffd1c300e43a26acde92c15f
    Gas used: 97594

    Block Number: 23
    Block Hash: 0x9b456234243c10ad1c99f83d59b4d0f212bfbf8890e54d9bdd9244c93c3e3c5d
    Block Time: "Fri, 20 Mar 2026 02:43:12 +0000"

eth_sendRawTransaction
eth_sendRawTransaction
eth_sendRawTransaction
eth_sendRawTransaction
eth_sendRawTransaction
eth_sendRawTransaction

    Transaction: 0x0f05370021364964a1383f995cd714d8669882e15f44679cca8bb20b625c789e
    Contract created: 0x322813Fd9A801c5507c9de605d63CEA4f2CE6c44
    Gas used: 820961

    Block Number: 24
    Block Hash: 0x92960cb8e7ebf2c3cfbbf85ab0ccc339c6fccf8bec07a7d5b96ed1b10da10001
    Block Time: "Fri, 20 Mar 2026 02:43:12 +0000"


    Transaction: 0x5a388e1bd4589376b0e21548f3cef0ee42e248f9c6afebe7cfaee612dcf9e76a
    Gas used: 46254

    Transaction: 0xc4ee6a5758435664d991699895e0a2d2501b136a995496c494e10a0d704653a5
    Gas used: 105364

    Transaction: 0xe340be33e3be5360c64be8327403ed81bcf99518ed19a505fd68602c7dfaecf9
    Contract created: 0x7a2088a1bFc9d81c55368AE168C2C02570cB814F
    Gas used: 1027935

    Transaction: 0x53cf96cb79cb87789d40c5d80bdfa0fcc444dbb14d352bbdf10de5f5b738c34a
    Contract created: 0x09635F643e140090A9A8Dcd712eD6285858ceBef
    Gas used: 1527331

    Transaction: 0x1c605e9c9a08b3a49f09e745e41ef9041e687e50f179a890669e032dd941f774
    Contract created: 0xc5a5C42992dECbae36851359345FE25997F5C42d
    Gas used: 2082404

    Block Number: 25
    Block Hash: 0xa9e19838d7bcdd9263f546a48e81ee78d9f0c4b12232e31b6bd4f999c373d1d9
    Block Time: "Fri, 20 Mar 2026 02:43:12 +0000"


    Block Number: 26
    Block Hash: 0x00e15025d2b714734c03b269d27ac2f3fd37c4640453a71dd8fd3bbe709925db
    Block Time: "Fri, 20 Mar 2026 02:43:12 +0000"

eth_getTransactionReceipt
eth_getTransactionReceipt
eth_getTransactionReceipt
eth_getTransactionReceipt
eth_getTransactionReceipt
eth_getTransactionReceipt
eth_getTransactionReceipt
eth_getTransactionReceipt
eth_getTransactionReceipt
eth_getTransactionReceipt
eth_getTransactionReceipt
eth_getTransactionReceipt
eth_getTransactionReceipt
eth_getTransactionReceipt
eth_getTransactionReceipt
eth_getTransactionReceipt
eth_getTransactionReceipt
eth_getTransactionReceipt
eth_getTransactionReceipt
eth_getTransactionReceipt
eth_getTransactionReceipt
eth_getTransactionReceipt
eth_getTransactionReceipt
eth_getTransactionReceipt
eth_getTransactionReceipt
eth_getTransactionReceipt
eth_getTransactionReceipt
eth_getTransactionReceipt
eth_getTransactionReceipt
eth_getTransactionReceipt
eth_getTransactionReceipt
eth_getTransactionReceipt
eth_getTransactionReceipt
eth_getTransactionReceipt
eth_getTransactionReceipt
eth_getTransactionReceipt
eth_getTransactionReceipt
eth_getTransactionReceipt
eth_getTransactionReceipt
eth_getTransactionReceipt
eth_getTransactionReceipt
eth_getTransactionReceipt
eth_getTransactionReceipt
eth_getTransactionReceipt
eth_getTransactionReceipt
eth_getTransactionReceipt
eth_getTransactionReceipt
eth_getTransactionReceipt
eth_getTransactionReceipt
eth_getTransactionReceipt
eth_getTransactionReceipt
eth_getTransactionReceipt
eth_getTransactionReceipt
eth_getTransactionReceipt
eth_getTransactionReceipt
eth_getTransactionReceipt
eth_getTransactionReceipt
eth_getTransactionReceipt
eth_chainId
eth_chainId
eth_chainId
eth_call
eth_chainId
eth_call
eth_chainId
eth_call
