::1 - - [09/Nov/2025 13:40:58] "GET / HTTP/1.1" 304 -
::1 - - [09/Nov/2025 13:40:58] code 404, message File not found
::1 - - [09/Nov/2025 13:40:58] "GET /.well-known/appspecific/com.chrome.devtools.json HTTP/1.1" 404 -
::ffff:127.0.0.1 - - [09/Nov/2025 13:44:32] "GET / HTTP/1.1" 200 -
::1 - - [09/Nov/2025 13:45:20] "GET / HTTP/1.1" 200 -
::1 - - [09/Nov/2025 13:45:20] "GET /style.css HTTP/1.1" 200 -
::1 - - [09/Nov/2025 13:45:21] "GET /app_hybrid.js HTTP/1.1" 200 -
::1 - - [09/Nov/2025 13:45:30] code 404, message File not found
::1 - - [09/Nov/2025 13:45:30] "GET /.well-known/appspecific/com.chrome.devtools.json HTTP/1.1" 404 -
::1 - - [09/Nov/2025 13:46:13] "GET / HTTP/1.1" 304 -
::1 - - [09/Nov/2025 13:46:18] "GET / HTTP/1.1" 304 -
::1 - - [09/Nov/2025 13:46:19] "GET /app_hybrid.js HTTP/1.1" 304 -
::1 - - [09/Nov/2025 13:46:19] code 404, message File not found
::1 - - [09/Nov/2025 13:46:19] "GET /.well-known/appspecific/com.chrome.devtools.json HTTP/1.1" 404 -
::1 - - [09/Nov/2025 13:51:23] "GET / HTTP/1.1" 304 -
::1 - - [09/Nov/2025 13:51:23] "GET /app_hybrid.js HTTP/1.1" 200 -
::1 - - [09/Nov/2025 13:51:23] code 404, message File not found
::1 - - [09/Nov/2025 13:51:23] "GET /.well-known/appspecific/com.chrome.devtools.json HTTP/1.1" 404 -
::1 - - [09/Nov/2025 13:51:23] code 404, message File not found
::1 - - [09/Nov/2025 13:51:23] "GET /broadcast/SimpleDemo.s.sol/31337/run-latest.json HTTP/1.1" 404 -
::1 - - [09/Nov/2025 13:51:23] code 404, message File not found
::1 - - [09/Nov/2025 13:51:23] "GET /broadcast/SimpleDemo.s.sol/1337/run-latest.json HTTP/1.1" 404 -
::1 - - [09/Nov/2025 13:51:30] "GET / HTTP/1.1" 304 -
::1 - - [09/Nov/2025 13:51:30] code 404, message File not found
::1 - - [09/Nov/2025 13:51:30] "GET /.well-known/appspecific/com.chrome.devtools.json HTTP/1.1" 404 -
::1 - - [09/Nov/2025 13:51:30] "GET /app_hybrid.js HTTP/1.1" 304 -
::1 - - [09/Nov/2025 13:51:30] code 404, message File not found
::1 - - [09/Nov/2025 13:51:30] "GET /broadcast/SimpleDemo.s.sol/31337/run-latest.json HTTP/1.1" 404 -
::1 - - [09/Nov/2025 13:51:30] code 404, message File not found
::1 - - [09/Nov/2025 13:51:30] "GET /broadcast/SimpleDemo.s.sol/1337/run-latest.json HTTP/1.1" 404 -
::1 - - [09/Nov/2025 13:53:56] "GET / HTTP/1.1" 304 -
::1 - - [09/Nov/2025 13:53:56] code 404, message File not found
::1 - - [09/Nov/2025 13:53:56] "GET /.well-known/appspecific/com.chrome.devtools.json HTTP/1.1" 404 -
::1 - - [09/Nov/2025 13:53:56] "GET /app_hybrid.js HTTP/1.1" 304 -
::1 - - [09/Nov/2025 13:53:56] code 404, message File not found
::1 - - [09/Nov/2025 13:53:56] "GET /broadcast/SimpleDemo.s.sol/31337/run-latest.json HTTP/1.1" 404 -
::1 - - [09/Nov/2025 13:53:56] code 404, message File not found
::1 - - [09/Nov/2025 13:53:56] "GET /broadcast/SimpleDemo.s.sol/1337/run-latest.json HTTP/1.1" 404 -
::1 - - [09/Nov/2025 13:54:08] "GET / HTTP/1.1" 304 -
::1 - - [09/Nov/2025 13:54:08] code 404, message File not found
::1 - - [09/Nov/2025 13:54:08] "GET /.well-known/appspecific/com.chrome.devtools.json HTTP/1.1" 404 -
::1 - - [09/Nov/2025 13:54:08] code 404, message File not found
::1 - - [09/Nov/2025 13:54:08] "GET /broadcast/SimpleDemo.s.sol/31337/run-latest.json HTTP/1.1" 404 -
::1 - - [09/Nov/2025 13:54:08] code 404, message File not found
::1 - - [09/Nov/2025 13:54:08] "GET /broadcast/SimpleDemo.s.sol/1337/run-latest.json HTTP/1.1" 404 -
::1 - - [09/Nov/2025 13:56:32] "GET / HTTP/1.1" 304 -
::1 - - [09/Nov/2025 13:56:32] code 404, message File not found
::1 - - [09/Nov/2025 13:56:32] "GET /.well-known/appspecific/com.chrome.devtools.json HTTP/1.1" 404 -
::1 - - [09/Nov/2025 13:56:32] "GET /app_hybrid.js HTTP/1.1" 304 -
::1 - - [09/Nov/2025 13:56:32] code 404, message File not found
::1 - - [09/Nov/2025 13:56:32] "GET /broadcast/SimpleDemo.s.sol/31337/run-latest.json HTTP/1.1" 404 -
::1 - - [09/Nov/2025 13:56:32] code 404, message File not found
::1 - - [09/Nov/2025 13:56:32] "GET /broadcast/SimpleDemo.s.sol/1337/run-latest.json HTTP/1.1" 404 -
::1 - - [09/Nov/2025 13:56:38] "GET / HTTP/1.1" 304 -
::1 - - [09/Nov/2025 13:56:38] code 404, message File not found
::1 - - [09/Nov/2025 13:56:38] "GET /.well-known/appspecific/com.chrome.devtools.json HTTP/1.1" 404 -
::1 - - [09/Nov/2025 13:56:38] code 404, message File not found
::1 - - [09/Nov/2025 13:56:38] "GET /broadcast/SimpleDemo.s.sol/31337/run-latest.json HTTP/1.1" 404 -
::1 - - [09/Nov/2025 13:56:38] code 404, message File not found
::1 - - [09/Nov/2025 13:56:38] "GET /broadcast/SimpleDemo.s.sol/1337/run-latest.json HTTP/1.1" 404 -
